2026-09-23 08:05:20,556 [Worker-5: Loading available Gradle versions] INFO  o.e.b.c.i.u.g.PublishedGradleVersions - Gradle version information cache is not available. Remote download required.
2026-09-23 08:06:23,868 [Worker-16: Launching mavenrun-61c0b968-81f1-485c-ad50-3694d846905d] INFO  o.eclipse.m2e.core.internal.Bundles - getClasspathEntries(Bundle=org.eclipse.m2e.maven.runtime_3.9.1600.20260522-0510 [643])
2026-09-23 08:06:23,870 [Worker-16: Launching mavenrun-61c0b968-81f1-485c-ad50-3694d846905d] INFO  o.eclipse.m2e.core.internal.Bundles - 	Entry: /home/yogesh/.p2/pool/plugins/org.eclipse.m2e.maven.runtime_3.9.1600.20260522-0510
2026-09-23 08:06:23,870 [Worker-16: Launching mavenrun-61c0b968-81f1-485c-ad50-3694d846905d] INFO  o.eclipse.m2e.core.internal.Bundles - 	Entry: /home/yogesh/.p2/pool/plugins/org.eclipse.m2e.maven.runtime_3.9.1600.20260522-0510/jars/aopalliance-1.0.jar
2026-09-23 08:06:23,870 [Worker-16: Launching mavenrun-61c0b968-81f1-485c-ad50-3694d846905d] INFO  o.eclipse.m2e.core.internal.Bundles - 	Entry: /home/yogesh/.p2/pool/plugins/org.eclipse.m2e.maven.runtime_3.9.1600.20260522-0510/jars/asm-9.9.1.jar
2026-09-23 08:06:23,870 [Worker-16: Launching mavenrun-61c0b968-81f1-485c-ad50-3694d846905d] INFO  o.eclipse.m2e.core.internal.Bundles - 	Entry: /home/yogesh/.p2/pool/plugins/org.eclipse.m2e.maven.runtime_3.9.1600.20260522-0510/jars/error_prone_annotations-2.41.0.jar
2026-09-23 08:06:23,870 [Worker-16: Launching mavenrun-61c0b968-81f1-485c-ad50-3694d846905d] INFO  o.eclipse.m2e.core.internal.Bundles - 	Entry: /home/yogesh/.p2/pool/plugins/org.eclipse.m2e.maven.runtime_3.9.1600.20260522-0510/jars/gson-2.13.2.jar
2026-09-23 08:06:23,870 [Worker-16: Launching mavenrun-61c0b968-81f1-485c-ad50-3694d846905d] INFO  o.eclipse.m2e.core.internal.Bundles - 	Entry: /home/yogesh/.p2/pool/plugins/org.eclipse.m2e.maven.runtime_3.9.1600.20260522-0510/jars/guice-5.1.0-classes.jar
2026-09-23 08:06:23,870 [Worker-16: Launching mavenrun-61c0b968-81f1-485c-ad50-3694d846905d] INFO  o.eclipse.m2e.core.internal.Bundles - 	Entry: /home/yogesh/.p2/pool/plugins/org.eclipse.m2e.maven.runtime_3.9.1600.20260522-0510/jars/httpclient-4.5.14.jar
2026-09-23 08:06:23,870 [Worker-16: Launching mavenrun-61c0b968-81f1-485c-ad50-3694d846905d] INFO  o.eclipse.m2e.core.internal.Bundles - 	Entry: /home/yogesh/.p2/pool/plugins/org.eclipse.m2e.maven.runtime_3.9.1600.20260522-0510/jars/httpcore-4.4.16.jar
2026-09-23 08:06:23,870 [Worker-16: Launching mavenrun-61c0b968-81f1-485c-ad50-3694d846905d] INFO  o.eclipse.m2e.core.internal.Bundles - 	Entry: /home/yogesh/.p2/pool/plugins/org.eclipse.m2e.maven.runtime_3.9.1600.20260522-0510/jars/jansi-2.4.3.jar
2026-09-23 08:06:23,870 [Worker-16: Launching mavenrun-61c0b968-81f1-485c-ad50-3694d846905d] INFO  o.eclipse.m2e.core.internal.Bundles - 	Entry: /home/yogesh/.p2/pool/plugins/org.eclipse.m2e.maven.runtime_3.9.1600.20260522-0510/jars/jcl-over-slf4j-1.7.36.jar
2026-09-23 08:06:23,871 [Worker-16: Launching mavenrun-61c0b968-81f1-485c-ad50-3694d846905d] INFO  o.eclipse.m2e.core.internal.Bundles - 	Entry: /home/yogesh/.p2/pool/plugins/org.eclipse.m2e.maven.runtime_3.9.1600.20260522-0510/jars/maven-artifact-3.9.16.jar
2026-09-23 08:06:23,871 [Worker-16: Launching mavenrun-61c0b968-81f1-485c-ad50-3694d846905d] INFO  o.eclipse.m2e.core.internal.Bundles - 	Entry: /home/yogesh/.p2/pool/plugins/org.eclipse.m2e.maven.runtime_3.9.1600.20260522-0510/jars/maven-builder-support-3.9.16.jar
2026-09-23 08:06:23,871 [Worker-16: Launching mavenrun-61c0b968-81f1-485c-ad50-3694d846905d] INFO  o.eclipse.m2e.core.internal.Bundles - 	Entry: /home/yogesh/.p2/pool/plugins/org.eclipse.m2e.maven.runtime_3.9.1600.20260522-0510/jars/maven-compat-3.9.16.jar
2026-09-23 08:06:23,871 [Worker-16: Launching mavenrun-61c0b968-81f1-485c-ad50-3694d846905d] INFO  o.eclipse.m2e.core.internal.Bundles - 	Entry: /home/yogesh/.p2/pool/plugins/org.eclipse.m2e.maven.runtime_3.9.1600.20260522-0510/jars/maven-core-3.9.16.jar
2026-09-23 08:06:23,871 [Worker-16: Launching mavenrun-61c0b968-81f1-485c-ad50-3694d846905d] INFO  o.eclipse.m2e.core.internal.Bundles - 	Entry: /home/yogesh/.p2/pool/plugins/org.eclipse.m2e.maven.runtime_3.9.1600.20260522-0510/jars/maven-embedder-3.9.16.jar
2026-09-23 08:06:23,871 [Worker-16: Launching mavenrun-61c0b968-81f1-485c-ad50-3694d846905d] INFO  o.eclipse.m2e.core.internal.Bundles - 	Entry: /home/yogesh/.p2/pool/plugins/org.eclipse.m2e.maven.runtime_3.9.1600.20260522-0510/jars/maven-model-3.9.16.jar
2026-09-23 08:06:23,871 [Worker-16: Launching mavenrun-61c0b968-81f1-485c-ad50-3694d846905d] INFO  o.eclipse.m2e.core.internal.Bundles - 	Entry: /home/yogesh/.p2/pool/plugins/org.eclipse.m2e.maven.runtime_3.9.1600.20260522-0510/jars/maven-model-builder-3.9.16.jar
2026-09-23 08:06:23,871 [Worker-16: Launching mavenrun-61c0b968-81f1-485c-ad50-3694d846905d] INFO  o.eclipse.m2e.core.internal.Bundles - 	Entry: /home/yogesh/.p2/pool/plugins/org.eclipse.m2e.maven.runtime_3.9.1600.20260522-0510/jars/maven-plugin-api-3.9.16.jar
2026-09-23 08:06:23,871 [Worker-16: Launching mavenrun-61c0b968-81f1-485c-ad50-3694d846905d] INFO  o.eclipse.m2e.core.internal.Bundles - 	Entry: /home/yogesh/.p2/pool/plugins/org.eclipse.m2e.maven.runtime_3.9.1600.20260522-0510/jars/maven-repository-metadata-3.9.16.jar
2026-09-23 08:06:23,871 [Worker-16: Launching mavenrun-61c0b968-81f1-485c-ad50-3694d846905d] INFO  o.eclipse.m2e.core.internal.Bundles - 	Entry: /home/yogesh/.p2/pool/plugins/org.eclipse.m2e.maven.runtime_3.9.1600.20260522-0510/jars/maven-resolver-api-1.9.27.jar
2026-09-23 08:06:23,871 [Worker-16: Launching mavenrun-61c0b968-81f1-485c-ad50-3694d846905d] INFO  o.eclipse.m2e.core.internal.Bundles - 	Entry: /home/yogesh/.p2/pool/plugins/org.eclipse.m2e.maven.runtime_3.9.1600.20260522-0510/jars/maven-resolver-connector-basic-1.9.27.jar
2026-09-23 08:06:23,871 [Worker-16: Launching mavenrun-61c0b968-81f1-485c-ad50-3694d846905d] INFO  o.eclipse.m2e.core.internal.Bundles - 	Entry: /home/yogesh/.p2/pool/plugins/org.eclipse.m2e.maven.runtime_3.9.1600.20260522-0510/jars/maven-resolver-impl-1.9.27.jar
2026-09-23 08:06:23,871 [Worker-16: Launching mavenrun-61c0b968-81f1-485c-ad50-3694d846905d] INFO  o.eclipse.m2e.core.internal.Bundles - 	Entry: /home/yogesh/.p2/pool/plugins/org.eclipse.m2e.maven.runtime_3.9.1600.20260522-0510/jars/maven-resolver-named-locks-1.9.27.jar
2026-09-23 08:06:23,871 [Worker-16: Launching mavenrun-61c0b968-81f1-485c-ad50-3694d846905d] INFO  o.eclipse.m2e.core.internal.Bundles - 	Entry: /home/yogesh/.p2/pool/plugins/org.eclipse.m2e.maven.runtime_3.9.1600.20260522-0510/jars/maven-resolver-provider-3.9.16.jar
2026-09-23 08:06:23,871 [Worker-16: Launching mavenrun-61c0b968-81f1-485c-ad50-3694d846905d] INFO  o.eclipse.m2e.core.internal.Bundles - 	Entry: /home/yogesh/.p2/pool/plugins/org.eclipse.m2e.maven.runtime_3.9.1600.20260522-0510/jars/maven-resolver-spi-1.9.27.jar
2026-09-23 08:06:23,871 [Worker-16: Launching mavenrun-61c0b968-81f1-485c-ad50-3694d846905d] INFO  o.eclipse.m2e.core.internal.Bundles - 	Entry: /home/yogesh/.p2/pool/plugins/org.eclipse.m2e.maven.runtime_3.9.1600.20260522-0510/jars/maven-resolver-transport-file-1.9.27.jar
2026-09-23 08:06:23,871 [Worker-16: Launching mavenrun-61c0b968-81f1-485c-ad50-3694d846905d] INFO  o.eclipse.m2e.core.internal.Bundles - 	Entry: /home/yogesh/.p2/pool/plugins/org.eclipse.m2e.maven.runtime_3.9.1600.20260522-0510/jars/maven-resolver-transport-http-1.9.27.jar
2026-09-23 08:06:23,871 [Worker-16: Launching mavenrun-61c0b968-81f1-485c-ad50-3694d846905d] INFO  o.eclipse.m2e.core.internal.Bundles - 	Entry: /home/yogesh/.p2/pool/plugins/org.eclipse.m2e.maven.runtime_3.9.1600.20260522-0510/jars/maven-resolver-transport-wagon-1.9.27.jar
2026-09-23 08:06:23,871 [Worker-16: Launching mavenrun-61c0b968-81f1-485c-ad50-3694d846905d] INFO  o.eclipse.m2e.core.internal.Bundles - 	Entry: /home/yogesh/.p2/pool/plugins/org.eclipse.m2e.maven.runtime_3.9.1600.20260522-0510/jars/maven-resolver-util-1.9.27.jar
2026-09-23 08:06:23,871 [Worker-16: Launching mavenrun-61c0b968-81f1-485c-ad50-3694d846905d] INFO  o.eclipse.m2e.core.internal.Bundles - 	Entry: /home/yogesh/.p2/pool/plugins/org.eclipse.m2e.maven.runtime_3.9.1600.20260522-0510/jars/maven-settings-3.9.16.jar
2026-09-23 08:06:23,871 [Worker-16: Launching mavenrun-61c0b968-81f1-485c-ad50-3694d846905d] INFO  o.eclipse.m2e.core.internal.Bundles - 	Entry: /home/yogesh/.p2/pool/plugins/org.eclipse.m2e.maven.runtime_3.9.1600.20260522-0510/jars/maven-settings-builder-3.9.16.jar
2026-09-23 08:06:23,871 [Worker-16: Launching mavenrun-61c0b968-81f1-485c-ad50-3694d846905d] INFO  o.eclipse.m2e.core.internal.Bundles - 	Entry: /home/yogesh/.p2/pool/plugins/org.eclipse.m2e.maven.runtime_3.9.1600.20260522-0510/jars/maven-shared-utils-3.4.2.jar
2026-09-23 08:06:23,872 [Worker-16: Launching mavenrun-61c0b968-81f1-485c-ad50-3694d846905d] INFO  o.eclipse.m2e.core.internal.Bundles - 	Entry: /home/yogesh/.p2/pool/plugins/org.eclipse.m2e.maven.runtime_3.9.1600.20260522-0510/jars/org.eclipse.sisu.inject-1.0.0.jar
2026-09-23 08:06:23,872 [Worker-16: Launching mavenrun-61c0b968-81f1-485c-ad50-3694d846905d] INFO  o.eclipse.m2e.core.internal.Bundles - 	Entry: /home/yogesh/.p2/pool/plugins/org.eclipse.m2e.maven.runtime_3.9.1600.20260522-0510/jars/org.eclipse.sisu.plexus-1.0.0.jar
2026-09-23 08:06:23,872 [Worker-16: Launching mavenrun-61c0b968-81f1-485c-ad50-3694d846905d] INFO  o.eclipse.m2e.core.internal.Bundles - 	Entry: /home/yogesh/.p2/pool/plugins/org.eclipse.m2e.maven.runtime_3.9.1600.20260522-0510/jars/plexus-build-api-0.0.7.jar
2026-09-23 08:06:23,872 [Worker-16: Launching mavenrun-61c0b968-81f1-485c-ad50-3694d846905d] INFO  o.eclipse.m2e.core.internal.Bundles - 	Entry: /home/yogesh/.p2/pool/plugins/org.eclipse.m2e.maven.runtime_3.9.1600.20260522-0510/jars/plexus-build-api-1.2.0.jar
2026-09-23 08:06:23,872 [Worker-16: Launching mavenrun-61c0b968-81f1-485c-ad50-3694d846905d] INFO  o.eclipse.m2e.core.internal.Bundles - 	Entry: /home/yogesh/.p2/pool/plugins/org.eclipse.m2e.maven.runtime_3.9.1600.20260522-0510/jars/plexus-cipher-2.0.jar
2026-09-23 08:06:23,872 [Worker-16: Launching mavenrun-61c0b968-81f1-485c-ad50-3694d846905d] INFO  o.eclipse.m2e.core.internal.Bundles - 	Entry: /home/yogesh/.p2/pool/plugins/org.eclipse.m2e.maven.runtime_3.9.1600.20260522-0510/jars/plexus-classworlds-2.11.0.jar
2026-09-23 08:06:23,872 [Worker-16: Launching mavenrun-61c0b968-81f1-485c-ad50-3694d846905d] INFO  o.eclipse.m2e.core.internal.Bundles - 	Entry: /home/yogesh/.p2/pool/plugins/org.eclipse.m2e.maven.runtime_3.9.1600.20260522-0510/jars/plexus-component-annotations-2.2.0.jar
2026-09-23 08:06:23,872 [Worker-16: Launching mavenrun-61c0b968-81f1-485c-ad50-3694d846905d] INFO  o.eclipse.m2e.core.internal.Bundles - 	Entry: /home/yogesh/.p2/pool/plugins/org.eclipse.m2e.maven.runtime_3.9.1600.20260522-0510/jars/plexus-interpolation-1.29.jar
2026-09-23 08:06:23,872 [Worker-16: Launching mavenrun-61c0b968-81f1-485c-ad50-3694d846905d] INFO  o.eclipse.m2e.core.internal.Bundles - 	Entry: /home/yogesh/.p2/pool/plugins/org.eclipse.m2e.maven.runtime_3.9.1600.20260522-0510/jars/plexus-sec-dispatcher-2.0.jar
2026-09-23 08:06:23,873 [Worker-16: Launching mavenrun-61c0b968-81f1-485c-ad50-3694d846905d] INFO  o.eclipse.m2e.core.internal.Bundles - 	Entry: /home/yogesh/.p2/pool/plugins/org.eclipse.m2e.maven.runtime_3.9.1600.20260522-0510/jars/plexus-utils-3.6.1.jar
2026-09-23 08:06:23,873 [Worker-16: Launching mavenrun-61c0b968-81f1-485c-ad50-3694d846905d] INFO  o.eclipse.m2e.core.internal.Bundles - 	Entry: /home/yogesh/.p2/pool/plugins/org.eclipse.m2e.maven.runtime_3.9.1600.20260522-0510/jars/wagon-file-3.5.3.jar
2026-09-23 08:06:23,873 [Worker-16: Launching mavenrun-61c0b968-81f1-485c-ad50-3694d846905d] INFO  o.eclipse.m2e.core.internal.Bundles - 	Entry: /home/yogesh/.p2/pool/plugins/org.eclipse.m2e.maven.runtime_3.9.1600.20260522-0510/jars/wagon-http-3.5.3.jar
2026-09-23 08:06:23,873 [Worker-16: Launching mavenrun-61c0b968-81f1-485c-ad50-3694d846905d] INFO  o.eclipse.m2e.core.internal.Bundles - 	Entry: /home/yogesh/.p2/pool/plugins/org.eclipse.m2e.maven.runtime_3.9.1600.20260522-0510/jars/wagon-http-shared-3.5.3.jar
2026-09-23 08:06:23,873 [Worker-16: Launching mavenrun-61c0b968-81f1-485c-ad50-3694d846905d] INFO  o.eclipse.m2e.core.internal.Bundles - 	Entry: /home/yogesh/.p2/pool/plugins/org.eclipse.m2e.maven.runtime_3.9.1600.20260522-0510/jars/wagon-provider-api-3.5.3.jar
2026-09-23 08:06:23,874 [Worker-16: Launching mavenrun-61c0b968-81f1-485c-ad50-3694d846905d] INFO  o.eclipse.m2e.core.internal.Bundles - getClasspathEntries(Bundle=com.google.guava_33.6.0.jre [18])
2026-09-23 08:06:23,874 [Worker-16: Launching mavenrun-61c0b968-81f1-485c-ad50-3694d846905d] INFO  o.eclipse.m2e.core.internal.Bundles - 	Entry: /home/yogesh/.p2/pool/plugins/com.google.guava_33.6.0.jre.jar
2026-09-23 08:06:23,875 [Worker-16: Launching mavenrun-61c0b968-81f1-485c-ad50-3694d846905d] INFO  o.eclipse.m2e.core.internal.Bundles - getClasspathEntries(Bundle=slf4j.api_2.0.18 [1010])
2026-09-23 08:06:23,875 [Worker-16: Launching mavenrun-61c0b968-81f1-485c-ad50-3694d846905d] INFO  o.eclipse.m2e.core.internal.Bundles - 	Entry: /home/yogesh/.p2/pool/plugins/slf4j.api_2.0.18.jar
2026-09-23 08:06:23,875 [Worker-16: Launching mavenrun-61c0b968-81f1-485c-ad50-3694d846905d] INFO  o.eclipse.m2e.core.internal.Bundles - getClasspathEntries(Bundle=jakarta.inject.jakarta.inject-api_1.0.5 [35])
2026-09-23 08:06:23,875 [Worker-16: Launching mavenrun-61c0b968-81f1-485c-ad50-3694d846905d] INFO  o.eclipse.m2e.core.internal.Bundles - 	Entry: /home/yogesh/.p2/pool/plugins/jakarta.inject.jakarta.inject-api_1.0.5.jar
2026-09-23 08:06:23,875 [Worker-16: Launching mavenrun-61c0b968-81f1-485c-ad50-3694d846905d] INFO  o.eclipse.m2e.core.internal.Bundles - getClasspathEntries(Bundle=jakarta.annotation-api_1.3.5 [31])
2026-09-23 08:06:23,875 [Worker-16: Launching mavenrun-61c0b968-81f1-485c-ad50-3694d846905d] INFO  o.eclipse.m2e.core.internal.Bundles - 	Entry: /home/yogesh/.p2/pool/plugins/jakarta.annotation-api_1.3.5.jar
2026-09-23 08:06:23,875 [Worker-16: Launching mavenrun-61c0b968-81f1-485c-ad50-3694d846905d] INFO  o.eclipse.m2e.core.internal.Bundles - getClasspathEntries(Bundle=org.apache.commons.cli_1.11.0 [83])
2026-09-23 08:06:23,875 [Worker-16: Launching mavenrun-61c0b968-81f1-485c-ad50-3694d846905d] INFO  o.eclipse.m2e.core.internal.Bundles - 	Entry: /home/yogesh/.p2/pool/plugins/org.apache.commons.cli_1.11.0.jar
2026-09-23 08:06:23,875 [Worker-16: Launching mavenrun-61c0b968-81f1-485c-ad50-3694d846905d] INFO  o.eclipse.m2e.core.internal.Bundles - getClasspathEntries(Bundle=org.apache.commons.commons-codec_1.22.1 [85])
2026-09-23 08:06:23,875 [Worker-16: Launching mavenrun-61c0b968-81f1-485c-ad50-3694d846905d] INFO  o.eclipse.m2e.core.internal.Bundles - 	Entry: /home/yogesh/.p2/pool/plugins/org.apache.commons.commons-codec_1.22.1.jar
2026-09-23 08:06:23,875 [Worker-16: Launching mavenrun-61c0b968-81f1-485c-ad50-3694d846905d] INFO  o.eclipse.m2e.core.internal.Bundles - getClasspathEntries(Bundle=com.google.guava.failureaccess_1.0.3 [19])
2026-09-23 08:06:23,875 [Worker-16: Launching mavenrun-61c0b968-81f1-485c-ad50-3694d846905d] INFO  o.eclipse.m2e.core.internal.Bundles - 	Entry: /home/yogesh/.p2/pool/plugins/com.google.guava.failureaccess_1.0.3.jar
2026-09-23 08:06:23,881 [Worker-16: Launching mavenrun-61c0b968-81f1-485c-ad50-3694d846905d] INFO  o.e.m.i.launch.MavenLaunchDelegate - Run build in "/tmp/m2e-archetypeGenerator10527296629014272921":
2026-09-23 08:06:23,889 [Worker-16: Launching mavenrun-61c0b968-81f1-485c-ad50-3694d846905d] INFO  o.e.m.i.launch.MavenLaunchDelegate -  mvn  -DarchetypeGroupId=org.apache.maven.archetypes -DarchetypeArtifactId=maven-archetype-webapp -DarchetypeVersion=1.0 -DgroupId=com.example -DartifactId=MyWebApp -Dversion=0.0.1-SNAPSHOT -Dpackage=com.example.MyWebApp -DoutputDirectory=/home/yogesh/eclipse-workspace/MyWebApp -Dstyle.color=always -U archetype:generate
2026-09-23 08:09:41,499 [Worker-28: Launching mavenrun-07747c6a-120d-41ac-b44b-ccfdc67e8ef3] INFO  o.eclipse.m2e.core.internal.Bundles - getClasspathEntries(Bundle=org.eclipse.m2e.maven.runtime_3.9.1600.20260522-0510 [643])
2026-09-23 08:09:41,500 [Worker-28: Launching mavenrun-07747c6a-120d-41ac-b44b-ccfdc67e8ef3] INFO  o.eclipse.m2e.core.internal.Bundles - 	Entry: /home/yogesh/.p2/pool/plugins/org.eclipse.m2e.maven.runtime_3.9.1600.20260522-0510
2026-09-23 08:09:41,500 [Worker-28: Launching mavenrun-07747c6a-120d-41ac-b44b-ccfdc67e8ef3] INFO  o.eclipse.m2e.core.internal.Bundles - 	Entry: /home/yogesh/.p2/pool/plugins/org.eclipse.m2e.maven.runtime_3.9.1600.20260522-0510/jars/aopalliance-1.0.jar
2026-09-23 08:09:41,500 [Worker-28: Launching mavenrun-07747c6a-120d-41ac-b44b-ccfdc67e8ef3] INFO  o.eclipse.m2e.core.internal.Bundles - 	Entry: /home/yogesh/.p2/pool/plugins/org.eclipse.m2e.maven.runtime_3.9.1600.20260522-0510/jars/asm-9.9.1.jar
2026-09-23 08:09:41,500 [Worker-28: Launching mavenrun-07747c6a-120d-41ac-b44b-ccfdc67e8ef3] INFO  o.eclipse.m2e.core.internal.Bundles - 	Entry: /home/yogesh/.p2/pool/plugins/org.eclipse.m2e.maven.runtime_3.9.1600.20260522-0510/jars/error_prone_annotations-2.41.0.jar
2026-09-23 08:09:41,501 [Worker-28: Launching mavenrun-07747c6a-120d-41ac-b44b-ccfdc67e8ef3] INFO  o.eclipse.m2e.core.internal.Bundles - 	Entry: /home/yogesh/.p2/pool/plugins/org.eclipse.m2e.maven.runtime_3.9.1600.20260522-0510/jars/gson-2.13.2.jar
2026-09-23 08:09:41,501 [Worker-28: Launching mavenrun-07747c6a-120d-41ac-b44b-ccfdc67e8ef3] INFO  o.eclipse.m2e.core.internal.Bundles - 	Entry: /home/yogesh/.p2/pool/plugins/org.eclipse.m2e.maven.runtime_3.9.1600.20260522-0510/jars/guice-5.1.0-classes.jar
2026-09-23 08:09:41,501 [Worker-28: Launching mavenrun-07747c6a-120d-41ac-b44b-ccfdc67e8ef3] INFO  o.eclipse.m2e.core.internal.Bundles - 	Entry: /home/yogesh/.p2/pool/plugins/org.eclipse.m2e.maven.runtime_3.9.1600.20260522-0510/jars/httpclient-4.5.14.jar
2026-09-23 08:09:41,501 [Worker-28: Launching mavenrun-07747c6a-120d-41ac-b44b-ccfdc67e8ef3] INFO  o.eclipse.m2e.core.internal.Bundles - 	Entry: /home/yogesh/.p2/pool/plugins/org.eclipse.m2e.maven.runtime_3.9.1600.20260522-0510/jars/httpcore-4.4.16.jar
2026-09-23 08:09:41,501 [Worker-28: Launching mavenrun-07747c6a-120d-41ac-b44b-ccfdc67e8ef3] INFO  o.eclipse.m2e.core.internal.Bundles - 	Entry: /home/yogesh/.p2/pool/plugins/org.eclipse.m2e.maven.runtime_3.9.1600.20260522-0510/jars/jansi-2.4.3.jar
2026-09-23 08:09:41,501 [Worker-28: Launching mavenrun-07747c6a-120d-41ac-b44b-ccfdc67e8ef3] INFO  o.eclipse.m2e.core.internal.Bundles - 	Entry: /home/yogesh/.p2/pool/plugins/org.eclipse.m2e.maven.runtime_3.9.1600.20260522-0510/jars/jcl-over-slf4j-1.7.36.jar
2026-09-23 08:09:41,501 [Worker-28: Launching mavenrun-07747c6a-120d-41ac-b44b-ccfdc67e8ef3] INFO  o.eclipse.m2e.core.internal.Bundles - 	Entry: /home/yogesh/.p2/pool/plugins/org.eclipse.m2e.maven.runtime_3.9.1600.20260522-0510/jars/maven-artifact-3.9.16.jar
2026-09-23 08:09:41,501 [Worker-28: Launching mavenrun-07747c6a-120d-41ac-b44b-ccfdc67e8ef3] INFO  o.eclipse.m2e.core.internal.Bundles - 	Entry: /home/yogesh/.p2/pool/plugins/org.eclipse.m2e.maven.runtime_3.9.1600.20260522-0510/jars/maven-builder-support-3.9.16.jar
2026-09-23 08:09:41,501 [Worker-28: Launching mavenrun-07747c6a-120d-41ac-b44b-ccfdc67e8ef3] INFO  o.eclipse.m2e.core.internal.Bundles - 	Entry: /home/yogesh/.p2/pool/plugins/org.eclipse.m2e.maven.runtime_3.9.1600.20260522-0510/jars/maven-compat-3.9.16.jar
2026-09-23 08:09:41,501 [Worker-28: Launching mavenrun-07747c6a-120d-41ac-b44b-ccfdc67e8ef3] INFO  o.eclipse.m2e.core.internal.Bundles - 	Entry: /home/yogesh/.p2/pool/plugins/org.eclipse.m2e.maven.runtime_3.9.1600.20260522-0510/jars/maven-core-3.9.16.jar
2026-09-23 08:09:41,501 [Worker-28: Launching mavenrun-07747c6a-120d-41ac-b44b-ccfdc67e8ef3] INFO  o.eclipse.m2e.core.internal.Bundles - 	Entry: /home/yogesh/.p2/pool/plugins/org.eclipse.m2e.maven.runtime_3.9.1600.20260522-0510/jars/maven-embedder-3.9.16.jar
2026-09-23 08:09:41,501 [Worker-28: Launching mavenrun-07747c6a-120d-41ac-b44b-ccfdc67e8ef3] INFO  o.eclipse.m2e.core.internal.Bundles - 	Entry: /home/yogesh/.p2/pool/plugins/org.eclipse.m2e.maven.runtime_3.9.1600.20260522-0510/jars/maven-model-3.9.16.jar
2026-09-23 08:09:41,501 [Worker-28: Launching mavenrun-07747c6a-120d-41ac-b44b-ccfdc67e8ef3] INFO  o.eclipse.m2e.core.internal.Bundles - 	Entry: /home/yogesh/.p2/pool/plugins/org.eclipse.m2e.maven.runtime_3.9.1600.20260522-0510/jars/maven-model-builder-3.9.16.jar
2026-09-23 08:09:41,502 [Worker-28: Launching mavenrun-07747c6a-120d-41ac-b44b-ccfdc67e8ef3] INFO  o.eclipse.m2e.core.internal.Bundles - 	Entry: /home/yogesh/.p2/pool/plugins/org.eclipse.m2e.maven.runtime_3.9.1600.20260522-0510/jars/maven-plugin-api-3.9.16.jar
2026-09-23 08:09:41,502 [Worker-28: Launching mavenrun-07747c6a-120d-41ac-b44b-ccfdc67e8ef3] INFO  o.eclipse.m2e.core.internal.Bundles - 	Entry: /home/yogesh/.p2/pool/plugins/org.eclipse.m2e.maven.runtime_3.9.1600.20260522-0510/jars/maven-repository-metadata-3.9.16.jar
2026-09-23 08:09:41,502 [Worker-28: Launching mavenrun-07747c6a-120d-41ac-b44b-ccfdc67e8ef3] INFO  o.eclipse.m2e.core.internal.Bundles - 	Entry: /home/yogesh/.p2/pool/plugins/org.eclipse.m2e.maven.runtime_3.9.1600.20260522-0510/jars/maven-resolver-api-1.9.27.jar
2026-09-23 08:09:41,502 [Worker-28: Launching mavenrun-07747c6a-120d-41ac-b44b-ccfdc67e8ef3] INFO  o.eclipse.m2e.core.internal.Bundles - 	Entry: /home/yogesh/.p2/pool/plugins/org.eclipse.m2e.maven.runtime_3.9.1600.20260522-0510/jars/maven-resolver-connector-basic-1.9.27.jar
2026-09-23 08:09:41,502 [Worker-28: Launching mavenrun-07747c6a-120d-41ac-b44b-ccfdc67e8ef3] INFO  o.eclipse.m2e.core.internal.Bundles - 	Entry: /home/yogesh/.p2/pool/plugins/org.eclipse.m2e.maven.runtime_3.9.1600.20260522-0510/jars/maven-resolver-impl-1.9.27.jar
2026-09-23 08:09:41,502 [Worker-28: Launching mavenrun-07747c6a-120d-41ac-b44b-ccfdc67e8ef3] INFO  o.eclipse.m2e.core.internal.Bundles - 	Entry: /home/yogesh/.p2/pool/plugins/org.eclipse.m2e.maven.runtime_3.9.1600.20260522-0510/jars/maven-resolver-named-locks-1.9.27.jar
2026-09-23 08:09:41,502 [Worker-28: Launching mavenrun-07747c6a-120d-41ac-b44b-ccfdc67e8ef3] INFO  o.eclipse.m2e.core.internal.Bundles - 	Entry: /home/yogesh/.p2/pool/plugins/org.eclipse.m2e.maven.runtime_3.9.1600.20260522-0510/jars/maven-resolver-provider-3.9.16.jar
2026-09-23 08:09:41,502 [Worker-28: Launching mavenrun-07747c6a-120d-41ac-b44b-ccfdc67e8ef3] INFO  o.eclipse.m2e.core.internal.Bundles - 	Entry: /home/yogesh/.p2/pool/plugins/org.eclipse.m2e.maven.runtime_3.9.1600.20260522-0510/jars/maven-resolver-spi-1.9.27.jar
2026-09-23 08:09:41,502 [Worker-28: Launching mavenrun-07747c6a-120d-41ac-b44b-ccfdc67e8ef3] INFO  o.eclipse.m2e.core.internal.Bundles - 	Entry: /home/yogesh/.p2/pool/plugins/org.eclipse.m2e.maven.runtime_3.9.1600.20260522-0510/jars/maven-resolver-transport-file-1.9.27.jar
2026-09-23 08:09:41,502 [Worker-28: Launching mavenrun-07747c6a-120d-41ac-b44b-ccfdc67e8ef3] INFO  o.eclipse.m2e.core.internal.Bundles - 	Entry: /home/yogesh/.p2/pool/plugins/org.eclipse.m2e.maven.runtime_3.9.1600.20260522-0510/jars/maven-resolver-transport-http-1.9.27.jar
2026-09-23 08:09:41,502 [Worker-28: Launching mavenrun-07747c6a-120d-41ac-b44b-ccfdc67e8ef3] INFO  o.eclipse.m2e.core.internal.Bundles - 	Entry: /home/yogesh/.p2/pool/plugins/org.eclipse.m2e.maven.runtime_3.9.1600.20260522-0510/jars/maven-resolver-transport-wagon-1.9.27.jar
2026-09-23 08:09:41,502 [Worker-28: Launching mavenrun-07747c6a-120d-41ac-b44b-ccfdc67e8ef3] INFO  o.eclipse.m2e.core.internal.Bundles - 	Entry: /home/yogesh/.p2/pool/plugins/org.eclipse.m2e.maven.runtime_3.9.1600.20260522-0510/jars/maven-resolver-util-1.9.27.jar
2026-09-23 08:09:41,502 [Worker-28: Launching mavenrun-07747c6a-120d-41ac-b44b-ccfdc67e8ef3] INFO  o.eclipse.m2e.core.internal.Bundles - 	Entry: /home/yogesh/.p2/pool/plugins/org.eclipse.m2e.maven.runtime_3.9.1600.20260522-0510/jars/maven-settings-3.9.16.jar
2026-09-23 08:09:41,502 [Worker-28: Launching mavenrun-07747c6a-120d-41ac-b44b-ccfdc67e8ef3] INFO  o.eclipse.m2e.core.internal.Bundles - 	Entry: /home/yogesh/.p2/pool/plugins/org.eclipse.m2e.maven.runtime_3.9.1600.20260522-0510/jars/maven-settings-builder-3.9.16.jar
2026-09-23 08:09:41,502 [Worker-28: Launching mavenrun-07747c6a-120d-41ac-b44b-ccfdc67e8ef3] INFO  o.eclipse.m2e.core.internal.Bundles - 	Entry: /home/yogesh/.p2/pool/plugins/org.eclipse.m2e.maven.runtime_3.9.1600.20260522-0510/jars/maven-shared-utils-3.4.2.jar
2026-09-23 08:09:41,502 [Worker-28: Launching mavenrun-07747c6a-120d-41ac-b44b-ccfdc67e8ef3] INFO  o.eclipse.m2e.core.internal.Bundles - 	Entry: /home/yogesh/.p2/pool/plugins/org.eclipse.m2e.maven.runtime_3.9.1600.20260522-0510/jars/org.eclipse.sisu.inject-1.0.0.jar
2026-09-23 08:09:41,502 [Worker-28: Launching mavenrun-07747c6a-120d-41ac-b44b-ccfdc67e8ef3] INFO  o.eclipse.m2e.core.internal.Bundles - 	Entry: /home/yogesh/.p2/pool/plugins/org.eclipse.m2e.maven.runtime_3.9.1600.20260522-0510/jars/org.eclipse.sisu.plexus-1.0.0.jar
2026-09-23 08:09:41,503 [Worker-28: Launching mavenrun-07747c6a-120d-41ac-b44b-ccfdc67e8ef3] INFO  o.eclipse.m2e.core.internal.Bundles - 	Entry: /home/yogesh/.p2/pool/plugins/org.eclipse.m2e.maven.runtime_3.9.1600.20260522-0510/jars/plexus-build-api-0.0.7.jar
2026-09-23 08:09:41,503 [Worker-28: Launching mavenrun-07747c6a-120d-41ac-b44b-ccfdc67e8ef3] INFO  o.eclipse.m2e.core.internal.Bundles - 	Entry: /home/yogesh/.p2/pool/plugins/org.eclipse.m2e.maven.runtime_3.9.1600.20260522-0510/jars/plexus-build-api-1.2.0.jar
2026-09-23 08:09:41,503 [Worker-28: Launching mavenrun-07747c6a-120d-41ac-b44b-ccfdc67e8ef3] INFO  o.eclipse.m2e.core.internal.Bundles - 	Entry: /home/yogesh/.p2/pool/plugins/org.eclipse.m2e.maven.runtime_3.9.1600.20260522-0510/jars/plexus-cipher-2.0.jar
2026-09-23 08:09:41,503 [Worker-28: Launching mavenrun-07747c6a-120d-41ac-b44b-ccfdc67e8ef3] INFO  o.eclipse.m2e.core.internal.Bundles - 	Entry: /home/yogesh/.p2/pool/plugins/org.eclipse.m2e.maven.runtime_3.9.1600.20260522-0510/jars/plexus-classworlds-2.11.0.jar
2026-09-23 08:09:41,503 [Worker-28: Launching mavenrun-07747c6a-120d-41ac-b44b-ccfdc67e8ef3] INFO  o.eclipse.m2e.core.internal.Bundles - 	Entry: /home/yogesh/.p2/pool/plugins/org.eclipse.m2e.maven.runtime_3.9.1600.20260522-0510/jars/plexus-component-annotations-2.2.0.jar
2026-09-23 08:09:41,503 [Worker-28: Launching mavenrun-07747c6a-120d-41ac-b44b-ccfdc67e8ef3] INFO  o.eclipse.m2e.core.internal.Bundles - 	Entry: /home/yogesh/.p2/pool/plugins/org.eclipse.m2e.maven.runtime_3.9.1600.20260522-0510/jars/plexus-interpolation-1.29.jar
2026-09-23 08:09:41,503 [Worker-28: Launching mavenrun-07747c6a-120d-41ac-b44b-ccfdc67e8ef3] INFO  o.eclipse.m2e.core.internal.Bundles - 	Entry: /home/yogesh/.p2/pool/plugins/org.eclipse.m2e.maven.runtime_3.9.1600.20260522-0510/jars/plexus-sec-dispatcher-2.0.jar
2026-09-23 08:09:41,503 [Worker-28: Launching mavenrun-07747c6a-120d-41ac-b44b-ccfdc67e8ef3] INFO  o.eclipse.m2e.core.internal.Bundles - 	Entry: /home/yogesh/.p2/pool/plugins/org.eclipse.m2e.maven.runtime_3.9.1600.20260522-0510/jars/plexus-utils-3.6.1.jar
2026-09-23 08:09:41,503 [Worker-28: Launching mavenrun-07747c6a-120d-41ac-b44b-ccfdc67e8ef3] INFO  o.eclipse.m2e.core.internal.Bundles - 	Entry: /home/yogesh/.p2/pool/plugins/org.eclipse.m2e.maven.runtime_3.9.1600.20260522-0510/jars/wagon-file-3.5.3.jar
2026-09-23 08:09:41,503 [Worker-28: Launching mavenrun-07747c6a-120d-41ac-b44b-ccfdc67e8ef3] INFO  o.eclipse.m2e.core.internal.Bundles - 	Entry: /home/yogesh/.p2/pool/plugins/org.eclipse.m2e.maven.runtime_3.9.1600.20260522-0510/jars/wagon-http-3.5.3.jar
2026-09-23 08:09:41,503 [Worker-28: Launching mavenrun-07747c6a-120d-41ac-b44b-ccfdc67e8ef3] INFO  o.eclipse.m2e.core.internal.Bundles - 	Entry: /home/yogesh/.p2/pool/plugins/org.eclipse.m2e.maven.runtime_3.9.1600.20260522-0510/jars/wagon-http-shared-3.5.3.jar
2026-09-23 08:09:41,503 [Worker-28: Launching mavenrun-07747c6a-120d-41ac-b44b-ccfdc67e8ef3] INFO  o.eclipse.m2e.core.internal.Bundles - 	Entry: /home/yogesh/.p2/pool/plugins/org.eclipse.m2e.maven.runtime_3.9.1600.20260522-0510/jars/wagon-provider-api-3.5.3.jar
2026-09-23 08:09:41,504 [Worker-28: Launching mavenrun-07747c6a-120d-41ac-b44b-ccfdc67e8ef3] INFO  o.eclipse.m2e.core.internal.Bundles - getClasspathEntries(Bundle=com.google.guava_33.6.0.jre [18])
2026-09-23 08:09:41,504 [Worker-28: Launching mavenrun-07747c6a-120d-41ac-b44b-ccfdc67e8ef3] INFO  o.eclipse.m2e.core.internal.Bundles - 	Entry: /home/yogesh/.p2/pool/plugins/com.google.guava_33.6.0.jre.jar
2026-09-23 08:09:41,504 [Worker-28: Launching mavenrun-07747c6a-120d-41ac-b44b-ccfdc67e8ef3] INFO  o.eclipse.m2e.core.internal.Bundles - getClasspathEntries(Bundle=slf4j.api_2.0.18 [1010])
2026-09-23 08:09:41,504 [Worker-28: Launching mavenrun-07747c6a-120d-41ac-b44b-ccfdc67e8ef3] INFO  o.eclipse.m2e.core.internal.Bundles - 	Entry: /home/yogesh/.p2/pool/plugins/slf4j.api_2.0.18.jar
2026-09-23 08:09:41,504 [Worker-28: Launching mavenrun-07747c6a-120d-41ac-b44b-ccfdc67e8ef3] INFO  o.eclipse.m2e.core.internal.Bundles - getClasspathEntries(Bundle=jakarta.inject.jakarta.inject-api_1.0.5 [35])
2026-09-23 08:09:41,504 [Worker-28: Launching mavenrun-07747c6a-120d-41ac-b44b-ccfdc67e8ef3] INFO  o.eclipse.m2e.core.internal.Bundles - 	Entry: /home/yogesh/.p2/pool/plugins/jakarta.inject.jakarta.inject-api_1.0.5.jar
2026-09-23 08:09:41,504 [Worker-28: Launching mavenrun-07747c6a-120d-41ac-b44b-ccfdc67e8ef3] INFO  o.eclipse.m2e.core.internal.Bundles - getClasspathEntries(Bundle=jakarta.annotation-api_1.3.5 [31])
2026-09-23 08:09:41,504 [Worker-28: Launching mavenrun-07747c6a-120d-41ac-b44b-ccfdc67e8ef3] INFO  o.eclipse.m2e.core.internal.Bundles - 	Entry: /home/yogesh/.p2/pool/plugins/jakarta.annotation-api_1.3.5.jar
2026-09-23 08:09:41,504 [Worker-28: Launching mavenrun-07747c6a-120d-41ac-b44b-ccfdc67e8ef3] INFO  o.eclipse.m2e.core.internal.Bundles - getClasspathEntries(Bundle=org.apache.commons.cli_1.11.0 [83])
2026-09-23 08:09:41,504 [Worker-28: Launching mavenrun-07747c6a-120d-41ac-b44b-ccfdc67e8ef3] INFO  o.eclipse.m2e.core.internal.Bundles - 	Entry: /home/yogesh/.p2/pool/plugins/org.apache.commons.cli_1.11.0.jar
2026-09-23 08:09:41,504 [Worker-28: Launching mavenrun-07747c6a-120d-41ac-b44b-ccfdc67e8ef3] INFO  o.eclipse.m2e.core.internal.Bundles - getClasspathEntries(Bundle=org.apache.commons.commons-codec_1.22.1 [85])
2026-09-23 08:09:41,504 [Worker-28: Launching mavenrun-07747c6a-120d-41ac-b44b-ccfdc67e8ef3] INFO  o.eclipse.m2e.core.internal.Bundles - 	Entry: /home/yogesh/.p2/pool/plugins/org.apache.commons.commons-codec_1.22.1.jar
2026-09-23 08:09:41,504 [Worker-28: Launching mavenrun-07747c6a-120d-41ac-b44b-ccfdc67e8ef3] INFO  o.eclipse.m2e.core.internal.Bundles - getClasspathEntries(Bundle=com.google.guava.failureaccess_1.0.3 [19])
2026-09-23 08:09:41,504 [Worker-28: Launching mavenrun-07747c6a-120d-41ac-b44b-ccfdc67e8ef3] INFO  o.eclipse.m2e.core.internal.Bundles - 	Entry: /home/yogesh/.p2/pool/plugins/com.google.guava.failureaccess_1.0.3.jar
2026-09-23 08:09:41,506 [Worker-28: Launching mavenrun-07747c6a-120d-41ac-b44b-ccfdc67e8ef3] INFO  o.e.m.i.launch.MavenLaunchDelegate - Run build in "/tmp/m2e-archetypeGenerator18110477673716592408":
2026-09-23 08:09:41,507 [Worker-28: Launching mavenrun-07747c6a-120d-41ac-b44b-ccfdc67e8ef3] INFO  o.e.m.i.launch.MavenLaunchDelegate -  mvn  -DarchetypeGroupId=org.apache.maven.archetypes -DarchetypeArtifactId=maven-archetype-webapp -DarchetypeVersion=1.5 -DgroupId=com.example -DartifactId=MyWebapp -Dversion=0.0.1-SNAPSHOT -Dpackage=com.example.MyWebapp -DoutputDirectory=/home/yogesh/eclipse-workspace -Dstyle.color=always -U archetype:generate
2026-09-23 08:10:14,638 [Worker-37: Creating maven-archetype-webapp] INFO  o.e.m.c.i.p.ProjectConfigurationManager - Collecting project info '/pom.xml' /home/yogesh/eclipse-workspace/MyWebapp/pom.xml
2026-09-23 08:10:15,412 [Worker-37: Creating maven-archetype-webapp] INFO  o.e.m.c.i.l.LifecycleMappingFactory - Using org.maven.ide.eclipse.wtp.WarLifecycleMapping lifecycle mapping for MavenProject: com.example:MyWebapp:0.0.1-SNAPSHOT @ /home/yogesh/eclipse-workspace/MyWebapp/pom.xml.
2026-09-23 08:10:16,194 [Worker-37: Creating maven-archetype-webapp] INFO  o.e.m.j.i.AbstractJavaProjectConfigurator - Adding source folder /MyWebapp/src/main/java
2026-09-23 08:10:16,196 [Worker-37: Creating maven-archetype-webapp] INFO  o.e.m.j.i.AbstractJavaProjectConfigurator - Adding resource folder /MyWebapp/src/main/resources
2026-09-23 08:10:16,215 [Worker-37: Creating maven-archetype-webapp] INFO  o.e.m.j.i.AbstractJavaProjectConfigurator - Adding source folder /MyWebapp/src/test/java
2026-09-23 08:10:16,216 [Worker-37: Creating maven-archetype-webapp] INFO  o.e.m.j.i.AbstractJavaProjectConfigurator - Adding resource folder /MyWebapp/src/test/resources
2026-09-23 08:10:17,803 [Worker-37: Creating maven-archetype-webapp] WARN  o.apache.maven.project.MavenProject - Plugin is modifying compileSourceRoots through clear(), which will not work in Maven 4.0.0. Use MavenProject.addCompileSourceRoot()/removeCompileSourceRoot() methods instead. If using a plugin, please upgrade to the latest version or report the issue to the plugin maintainer. To disable these warnings, set -Dmaven.project.sourceRoots.warningsDisabled=true on the command line, in the .mvn/maven.config file, or in project POM properties.
2026-09-23 08:10:17,806 [Worker-37: Creating maven-archetype-webapp] WARN  o.apache.maven.project.MavenProject - Plugin is modifying compileSourceRoots through add(), which will not work in Maven 4.0.0. Use MavenProject.addCompileSourceRoot()/removeCompileSourceRoot() methods instead. If using a plugin, please upgrade to the latest version or report the issue to the plugin maintainer. To disable these warnings, set -Dmaven.project.sourceRoots.warningsDisabled=true on the command line, in the .mvn/maven.config file, or in project POM properties.
2026-09-23 08:10:17,807 [Worker-37: Creating maven-archetype-webapp] WARN  o.apache.maven.project.MavenProject - Plugin is modifying testCompileSourceRoots through clear(), which will not work in Maven 4.0.0. Use MavenProject.addTestCompileSourceRoot()/removeTestCompileSourceRoot() methods instead. If using a plugin, please upgrade to the latest version or report the issue to the plugin maintainer. To disable these warnings, set -Dmaven.project.sourceRoots.warningsDisabled=true on the command line, in the .mvn/maven.config file, or in project POM properties.
2026-09-23 08:10:17,807 [Worker-37: Creating maven-archetype-webapp] WARN  o.apache.maven.project.MavenProject - Plugin is modifying testCompileSourceRoots through add(), which will not work in Maven 4.0.0. Use MavenProject.addTestCompileSourceRoot()/removeTestCompileSourceRoot() methods instead. If using a plugin, please upgrade to the latest version or report the issue to the plugin maintainer. To disable these warnings, set -Dmaven.project.sourceRoots.warningsDisabled=true on the command line, in the .mvn/maven.config file, or in project POM properties.
2026-09-23 08:10:17,844 [Worker-37: Creating maven-archetype-webapp] INFO  o.e.m.c.i.p.ProjectConfigurationManager - Imported and configured 1 project(s) in 3 sec
2026-09-23 08:10:18,300 [Worker-39: Building] INFO  o.a.m.s.f.DefaultMavenResourcesFiltering - skip non existing resourceDirectory /home/yogesh/eclipse-workspace/MyWebapp/src/main/resources
2026-09-23 08:10:18,307 [Worker-39: Building] INFO  o.a.m.s.f.DefaultMavenResourcesFiltering - skip non existing resourceDirectory /home/yogesh/eclipse-workspace/MyWebapp/src/test/resources
2026-09-23 08:10:18,664 [Worker-39: Building] WARN  o.apache.maven.project.MavenProject - Plugin is modifying compileSourceRoots through clear(), which will not work in Maven 4.0.0. Use MavenProject.addCompileSourceRoot()/removeCompileSourceRoot() methods instead. If using a plugin, please upgrade to the latest version or report the issue to the plugin maintainer. To disable these warnings, set -Dmaven.project.sourceRoots.warningsDisabled=true on the command line, in the .mvn/maven.config file, or in project POM properties.
2026-09-23 08:10:18,664 [Worker-39: Building] WARN  o.apache.maven.project.MavenProject - Plugin is modifying compileSourceRoots through add(), which will not work in Maven 4.0.0. Use MavenProject.addCompileSourceRoot()/removeCompileSourceRoot() methods instead. If using a plugin, please upgrade to the latest version or report the issue to the plugin maintainer. To disable these warnings, set -Dmaven.project.sourceRoots.warningsDisabled=true on the command line, in the .mvn/maven.config file, or in project POM properties.
2026-09-23 08:10:18,665 [Worker-39: Building] WARN  o.apache.maven.project.MavenProject - Plugin is modifying testCompileSourceRoots through clear(), which will not work in Maven 4.0.0. Use MavenProject.addTestCompileSourceRoot()/removeTestCompileSourceRoot() methods instead. If using a plugin, please upgrade to the latest version or report the issue to the plugin maintainer. To disable these warnings, set -Dmaven.project.sourceRoots.warningsDisabled=true on the command line, in the .mvn/maven.config file, or in project POM properties.
2026-09-23 08:10:18,665 [Worker-39: Building] WARN  o.apache.maven.project.MavenProject - Plugin is modifying testCompileSourceRoots through add(), which will not work in Maven 4.0.0. Use MavenProject.addTestCompileSourceRoot()/removeTestCompileSourceRoot() methods instead. If using a plugin, please upgrade to the latest version or report the issue to the plugin maintainer. To disable these warnings, set -Dmaven.project.sourceRoots.warningsDisabled=true on the command line, in the .mvn/maven.config file, or in project POM properties.
2026-09-23 08:11:50,407 [Worker-10: Building] INFO  o.a.m.s.f.DefaultMavenResourcesFiltering - skip non existing resourceDirectory /home/yogesh/eclipse-workspace/MyWebapp/src/main/resources
2026-09-23 08:11:50,409 [Worker-10: Building] INFO  o.a.m.s.f.DefaultMavenResourcesFiltering - skip non existing resourceDirectory /home/yogesh/eclipse-workspace/MyWebapp/src/test/resources
2026-09-23 08:11:50,411 [Worker-10: Building] WARN  o.apache.maven.project.MavenProject - Plugin is modifying compileSourceRoots through clear(), which will not work in Maven 4.0.0. Use MavenProject.addCompileSourceRoot()/removeCompileSourceRoot() methods instead. If using a plugin, please upgrade to the latest version or report the issue to the plugin maintainer. To disable these warnings, set -Dmaven.project.sourceRoots.warningsDisabled=true on the command line, in the .mvn/maven.config file, or in project POM properties.
2026-09-23 08:11:50,411 [Worker-10: Building] WARN  o.apache.maven.project.MavenProject - Plugin is modifying compileSourceRoots through add(), which will not work in Maven 4.0.0. Use MavenProject.addCompileSourceRoot()/removeCompileSourceRoot() methods instead. If using a plugin, please upgrade to the latest version or report the issue to the plugin maintainer. To disable these warnings, set -Dmaven.project.sourceRoots.warningsDisabled=true on the command line, in the .mvn/maven.config file, or in project POM properties.
2026-09-23 08:11:50,411 [Worker-10: Building] WARN  o.apache.maven.project.MavenProject - Plugin is modifying testCompileSourceRoots through clear(), which will not work in Maven 4.0.0. Use MavenProject.addTestCompileSourceRoot()/removeTestCompileSourceRoot() methods instead. If using a plugin, please upgrade to the latest version or report the issue to the plugin maintainer. To disable these warnings, set -Dmaven.project.sourceRoots.warningsDisabled=true on the command line, in the .mvn/maven.config file, or in project POM properties.
2026-09-23 08:11:50,411 [Worker-10: Building] WARN  o.apache.maven.project.MavenProject - Plugin is modifying testCompileSourceRoots through add(), which will not work in Maven 4.0.0. Use MavenProject.addTestCompileSourceRoot()/removeTestCompileSourceRoot() methods instead. If using a plugin, please upgrade to the latest version or report the issue to the plugin maintainer. To disable these warnings, set -Dmaven.project.sourceRoots.warningsDisabled=true on the command line, in the .mvn/maven.config file, or in project POM properties.
2026-09-23 08:13:04,424 [Worker-42: Building] INFO  o.a.m.s.f.DefaultMavenResourcesFiltering - skip non existing resourceDirectory /home/yogesh/eclipse-workspace/MyWebapp/src/main/resources
2026-09-23 08:13:04,426 [Worker-42: Building] INFO  o.a.m.s.f.DefaultMavenResourcesFiltering - skip non existing resourceDirectory /home/yogesh/eclipse-workspace/MyWebapp/src/test/resources
2026-09-23 08:13:04,426 [Worker-42: Building] WARN  o.apache.maven.project.MavenProject - Plugin is modifying compileSourceRoots through clear(), which will not work in Maven 4.0.0. Use MavenProject.addCompileSourceRoot()/removeCompileSourceRoot() methods instead. If using a plugin, please upgrade to the latest version or report the issue to the plugin maintainer. To disable these warnings, set -Dmaven.project.sourceRoots.warningsDisabled=true on the command line, in the .mvn/maven.config file, or in project POM properties.
2026-09-23 08:13:04,427 [Worker-42: Building] WARN  o.apache.maven.project.MavenProject - Plugin is modifying compileSourceRoots through add(), which will not work in Maven 4.0.0. Use MavenProject.addCompileSourceRoot()/removeCompileSourceRoot() methods instead. If using a plugin, please upgrade to the latest version or report the issue to the plugin maintainer. To disable these warnings, set -Dmaven.project.sourceRoots.warningsDisabled=true on the command line, in the .mvn/maven.config file, or in project POM properties.
2026-09-23 08:13:04,427 [Worker-42: Building] WARN  o.apache.maven.project.MavenProject - Plugin is modifying testCompileSourceRoots through clear(), which will not work in Maven 4.0.0. Use MavenProject.addTestCompileSourceRoot()/removeTestCompileSourceRoot() methods instead. If using a plugin, please upgrade to the latest version or report the issue to the plugin maintainer. To disable these warnings, set -Dmaven.project.sourceRoots.warningsDisabled=true on the command line, in the .mvn/maven.config file, or in project POM properties.
2026-09-23 08:13:04,427 [Worker-42: Building] WARN  o.apache.maven.project.MavenProject - Plugin is modifying testCompileSourceRoots through add(), which will not work in Maven 4.0.0. Use MavenProject.addTestCompileSourceRoot()/removeTestCompileSourceRoot() methods instead. If using a plugin, please upgrade to the latest version or report the issue to the plugin maintainer. To disable these warnings, set -Dmaven.project.sourceRoots.warningsDisabled=true on the command line, in the .mvn/maven.config file, or in project POM properties.
2026-09-23 08:16:09,884 [Worker-38: Building] INFO  o.a.m.s.f.DefaultMavenResourcesFiltering - Copying 0 resource from src/main/resources to target/classes
2026-09-23 08:16:09,888 [Worker-38: Building] INFO  o.a.m.s.f.DefaultMavenResourcesFiltering - Copying 0 resource from src/test/resources to target/test-classes
2026-09-23 08:16:09,889 [Worker-38: Building] WARN  o.apache.maven.project.MavenProject - Plugin is modifying compileSourceRoots through clear(), which will not work in Maven 4.0.0. Use MavenProject.addCompileSourceRoot()/removeCompileSourceRoot() methods instead. If using a plugin, please upgrade to the latest version or report the issue to the plugin maintainer. To disable these warnings, set -Dmaven.project.sourceRoots.warningsDisabled=true on the command line, in the .mvn/maven.config file, or in project POM properties.
2026-09-23 08:16:09,890 [Worker-38: Building] WARN  o.apache.maven.project.MavenProject - Plugin is modifying compileSourceRoots through add(), which will not work in Maven 4.0.0. Use MavenProject.addCompileSourceRoot()/removeCompileSourceRoot() methods instead. If using a plugin, please upgrade to the latest version or report the issue to the plugin maintainer. To disable these warnings, set -Dmaven.project.sourceRoots.warningsDisabled=true on the command line, in the .mvn/maven.config file, or in project POM properties.
2026-09-23 08:16:09,891 [Worker-38: Building] WARN  o.apache.maven.project.MavenProject - Plugin is modifying testCompileSourceRoots through clear(), which will not work in Maven 4.0.0. Use MavenProject.addTestCompileSourceRoot()/removeTestCompileSourceRoot() methods instead. If using a plugin, please upgrade to the latest version or report the issue to the plugin maintainer. To disable these warnings, set -Dmaven.project.sourceRoots.warningsDisabled=true on the command line, in the .mvn/maven.config file, or in project POM properties.
2026-09-23 08:16:09,891 [Worker-38: Building] WARN  o.apache.maven.project.MavenProject - Plugin is modifying testCompileSourceRoots through add(), which will not work in Maven 4.0.0. Use MavenProject.addTestCompileSourceRoot()/removeTestCompileSourceRoot() methods instead. If using a plugin, please upgrade to the latest version or report the issue to the plugin maintainer. To disable these warnings, set -Dmaven.project.sourceRoots.warningsDisabled=true on the command line, in the .mvn/maven.config file, or in project POM properties.
2026-09-23 08:19:43,537 [Worker-45: Building] INFO  o.e.m.c.i.l.LifecycleMappingFactory - Using org.maven.ide.eclipse.wtp.WarLifecycleMapping lifecycle mapping for MavenProject: com.example:MyWebapp:0.0.1-SNAPSHOT @ /home/yogesh/eclipse-workspace/MyWebapp/pom.xml.
2026-09-23 08:19:45,831 [Worker-45: Building] INFO  o.e.m.c.i.e.AbstractTransferListenerAdapter - Downloading https://repo.maven.apache.org/maven2/jakarta/servlet/jakarta.servlet-api/6.1.0/jakarta.servlet-api-6.1.0.pom
2026-09-23 08:19:45,835 [Worker-45: Building] INFO  o.e.m.c.i.e.AbstractTransferListenerAdapter - Downloaded https://repo.maven.apache.org/maven2/jakarta/servlet/jakarta.servlet-api/6.1.0/jakarta.servlet-api-6.1.0.pom
2026-09-23 08:19:46,943 [Worker-45: Building] INFO  o.e.m.c.i.e.AbstractTransferListenerAdapter - Downloading https://repo.maven.apache.org/maven2/org/eclipse/ee4j/project/1.0.9/project-1.0.9.pom
2026-09-23 08:19:46,946 [Worker-45: Building] INFO  o.e.m.c.i.e.AbstractTransferListenerAdapter - Downloaded https://repo.maven.apache.org/maven2/org/eclipse/ee4j/project/1.0.9/project-1.0.9.pom
2026-09-23 08:19:47,240 [Worker-45: Building] INFO  o.e.m.c.i.e.AbstractTransferListenerAdapter - Downloading https://repo.maven.apache.org/maven2/jakarta/servlet/jakarta.servlet-api/6.1.0/jakarta.servlet-api-6.1.0.jar
2026-09-23 08:19:52,772 [Worker-45: Building] INFO  o.e.m.c.i.e.AbstractTransferListenerAdapter - Downloaded https://repo.maven.apache.org/maven2/jakarta/servlet/jakarta.servlet-api/6.1.0/jakarta.servlet-api-6.1.0.jar
2026-09-23 08:19:53,023 [Worker-45: Building] INFO  o.a.m.s.f.DefaultMavenResourcesFiltering - Copying 0 resource from src/main/resources to target/classes
2026-09-23 08:19:53,033 [Worker-45: Building] INFO  o.a.m.s.f.DefaultMavenResourcesFiltering - Copying 0 resource from src/test/resources to target/test-classes
2026-09-23 08:19:53,034 [Worker-45: Building] INFO  o.e.m.w.i.f.ResourceFilteringBuildParticipant - Changed resources require a complete clean of filtered resources of MyWebapp
2026-09-23 08:19:53,035 [Worker-45: Building] INFO  o.e.m.w.i.f.ResourceFilteringBuildParticipant - Executing resource filtering for MyWebapp
2026-09-23 08:19:53,046 [Worker-45: Building] WARN  o.apache.maven.project.MavenProject - Plugin is modifying compileSourceRoots through clear(), which will not work in Maven 4.0.0. Use MavenProject.addCompileSourceRoot()/removeCompileSourceRoot() methods instead. If using a plugin, please upgrade to the latest version or report the issue to the plugin maintainer. To disable these warnings, set -Dmaven.project.sourceRoots.warningsDisabled=true on the command line, in the .mvn/maven.config file, or in project POM properties.
2026-09-23 08:19:53,046 [Worker-45: Building] WARN  o.apache.maven.project.MavenProject - Plugin is modifying compileSourceRoots through add(), which will not work in Maven 4.0.0. Use MavenProject.addCompileSourceRoot()/removeCompileSourceRoot() methods instead. If using a plugin, please upgrade to the latest version or report the issue to the plugin maintainer. To disable these warnings, set -Dmaven.project.sourceRoots.warningsDisabled=true on the command line, in the .mvn/maven.config file, or in project POM properties.
2026-09-23 08:19:53,047 [Worker-45: Building] WARN  o.apache.maven.project.MavenProject - Plugin is modifying testCompileSourceRoots through clear(), which will not work in Maven 4.0.0. Use MavenProject.addTestCompileSourceRoot()/removeTestCompileSourceRoot() methods instead. If using a plugin, please upgrade to the latest version or report the issue to the plugin maintainer. To disable these warnings, set -Dmaven.project.sourceRoots.warningsDisabled=true on the command line, in the .mvn/maven.config file, or in project POM properties.
2026-09-23 08:19:53,047 [Worker-45: Building] WARN  o.apache.maven.project.MavenProject - Plugin is modifying testCompileSourceRoots through add(), which will not work in Maven 4.0.0. Use MavenProject.addTestCompileSourceRoot()/removeTestCompileSourceRoot() methods instead. If using a plugin, please upgrade to the latest version or report the issue to the plugin maintainer. To disable these warnings, set -Dmaven.project.sourceRoots.warningsDisabled=true on the command line, in the .mvn/maven.config file, or in project POM properties.
2026-09-23 08:19:54,437 [Worker-47: Download sources and javadoc] INFO  o.e.m.c.i.e.AbstractTransferListenerAdapter - Downloading https://repo.maven.apache.org/maven2/jakarta/servlet/jakarta.servlet-api/6.1.0/jakarta.servlet-api-6.1.0-sources.jar
2026-09-23 08:20:32,607 [Worker-47: Download sources and javadoc] INFO  o.e.m.c.i.e.AbstractTransferListenerAdapter - Downloaded https://repo.maven.apache.org/maven2/jakarta/servlet/jakarta.servlet-api/6.1.0/jakarta.servlet-api-6.1.0-sources.jar
2026-09-23 08:20:32,624 [Worker-47: Download sources and javadoc] INFO  o.e.m.j.internal.DownloadSourcesJob - Downloaded sources for jakarta.servlet:jakarta.servlet-api:6.1.0
2026-09-23 08:32:07,313 [Worker-50: Building] INFO  o.a.m.s.f.DefaultMavenResourcesFiltering - skip non existing resourceDirectory /home/yogesh/eclipse-workspace/MyWebapp/src/main/resources
2026-09-23 08:32:07,322 [Worker-50: Building] INFO  o.a.m.s.f.DefaultMavenResourcesFiltering - skip non existing resourceDirectory /home/yogesh/eclipse-workspace/MyWebapp/src/test/resources
2026-09-23 08:32:07,324 [Worker-50: Building] INFO  o.e.m.w.i.f.ResourceFilteringBuildParticipant - Changed resources require a complete clean of filtered resources of MyWebapp
2026-09-23 08:32:07,324 [Worker-50: Building] INFO  o.e.m.w.i.f.ResourceFilteringBuildParticipant - Executing resource filtering for MyWebapp
2026-09-23 08:32:07,369 [Worker-50: Building] WARN  o.apache.maven.project.MavenProject - Plugin is modifying compileSourceRoots through clear(), which will not work in Maven 4.0.0. Use MavenProject.addCompileSourceRoot()/removeCompileSourceRoot() methods instead. If using a plugin, please upgrade to the latest version or report the issue to the plugin maintainer. To disable these warnings, set -Dmaven.project.sourceRoots.warningsDisabled=true on the command line, in the .mvn/maven.config file, or in project POM properties.
2026-09-23 08:32:07,371 [Worker-50: Building] WARN  o.apache.maven.project.MavenProject - Plugin is modifying compileSourceRoots through add(), which will not work in Maven 4.0.0. Use MavenProject.addCompileSourceRoot()/removeCompileSourceRoot() methods instead. If using a plugin, please upgrade to the latest version or report the issue to the plugin maintainer. To disable these warnings, set -Dmaven.project.sourceRoots.warningsDisabled=true on the command line, in the .mvn/maven.config file, or in project POM properties.
2026-09-23 08:32:07,372 [Worker-50: Building] WARN  o.apache.maven.project.MavenProject - Plugin is modifying testCompileSourceRoots through clear(), which will not work in Maven 4.0.0. Use MavenProject.addTestCompileSourceRoot()/removeTestCompileSourceRoot() methods instead. If using a plugin, please upgrade to the latest version or report the issue to the plugin maintainer. To disable these warnings, set -Dmaven.project.sourceRoots.warningsDisabled=true on the command line, in the .mvn/maven.config file, or in project POM properties.
2026-09-23 08:32:07,372 [Worker-50: Building] WARN  o.apache.maven.project.MavenProject - Plugin is modifying testCompileSourceRoots through add(), which will not work in Maven 4.0.0. Use MavenProject.addTestCompileSourceRoot()/removeTestCompileSourceRoot() methods instead. If using a plugin, please upgrade to the latest version or report the issue to the plugin maintainer. To disable these warnings, set -Dmaven.project.sourceRoots.warningsDisabled=true on the command line, in the .mvn/maven.config file, or in project POM properties.
2026-09-23 08:32:08,391 [Worker-49: Building] INFO  o.a.m.s.f.DefaultMavenResourcesFiltering - skip non existing resourceDirectory /home/yogesh/eclipse-workspace/MyWebapp/src/main/resources
2026-09-23 08:32:08,393 [Worker-49: Building] INFO  o.a.m.s.f.DefaultMavenResourcesFiltering - skip non existing resourceDirectory /home/yogesh/eclipse-workspace/MyWebapp/src/test/resources
2026-09-23 08:32:08,394 [Worker-49: Building] WARN  o.apache.maven.project.MavenProject - Plugin is modifying compileSourceRoots through clear(), which will not work in Maven 4.0.0. Use MavenProject.addCompileSourceRoot()/removeCompileSourceRoot() methods instead. If using a plugin, please upgrade to the latest version or report the issue to the plugin maintainer. To disable these warnings, set -Dmaven.project.sourceRoots.warningsDisabled=true on the command line, in the .mvn/maven.config file, or in project POM properties.
2026-09-23 08:32:08,394 [Worker-49: Building] WARN  o.apache.maven.project.MavenProject - Plugin is modifying compileSourceRoots through add(), which will not work in Maven 4.0.0. Use MavenProject.addCompileSourceRoot()/removeCompileSourceRoot() methods instead. If using a plugin, please upgrade to the latest version or report the issue to the plugin maintainer. To disable these warnings, set -Dmaven.project.sourceRoots.warningsDisabled=true on the command line, in the .mvn/maven.config file, or in project POM properties.
2026-09-23 08:32:08,395 [Worker-49: Building] WARN  o.apache.maven.project.MavenProject - Plugin is modifying testCompileSourceRoots through clear(), which will not work in Maven 4.0.0. Use MavenProject.addTestCompileSourceRoot()/removeTestCompileSourceRoot() methods instead. If using a plugin, please upgrade to the latest version or report the issue to the plugin maintainer. To disable these warnings, set -Dmaven.project.sourceRoots.warningsDisabled=true on the command line, in the .mvn/maven.config file, or in project POM properties.
2026-09-23 08:32:08,395 [Worker-49: Building] WARN  o.apache.maven.project.MavenProject - Plugin is modifying testCompileSourceRoots through add(), which will not work in Maven 4.0.0. Use MavenProject.addTestCompileSourceRoot()/removeTestCompileSourceRoot() methods instead. If using a plugin, please upgrade to the latest version or report the issue to the plugin maintainer. To disable these warnings, set -Dmaven.project.sourceRoots.warningsDisabled=true on the command line, in the .mvn/maven.config file, or in project POM properties.
2026-09-23 08:52:47,959 [Worker-58: Building] INFO  o.a.m.s.f.DefaultMavenResourcesFiltering - skip non existing resourceDirectory /home/yogesh/eclipse-workspace/MyWebapp/src/main/resources
2026-09-23 08:52:47,963 [Worker-58: Building] INFO  o.a.m.s.f.DefaultMavenResourcesFiltering - skip non existing resourceDirectory /home/yogesh/eclipse-workspace/MyWebapp/src/test/resources
2026-09-23 08:52:47,964 [Worker-58: Building] WARN  o.apache.maven.project.MavenProject - Plugin is modifying compileSourceRoots through clear(), which will not work in Maven 4.0.0. Use MavenProject.addCompileSourceRoot()/removeCompileSourceRoot() methods instead. If using a plugin, please upgrade to the latest version or report the issue to the plugin maintainer. To disable these warnings, set -Dmaven.project.sourceRoots.warningsDisabled=true on the command line, in the .mvn/maven.config file, or in project POM properties.
2026-09-23 08:52:47,965 [Worker-58: Building] WARN  o.apache.maven.project.MavenProject - Plugin is modifying compileSourceRoots through add(), which will not work in Maven 4.0.0. Use MavenProject.addCompileSourceRoot()/removeCompileSourceRoot() methods instead. If using a plugin, please upgrade to the latest version or report the issue to the plugin maintainer. To disable these warnings, set -Dmaven.project.sourceRoots.warningsDisabled=true on the command line, in the .mvn/maven.config file, or in project POM properties.
2026-09-23 08:52:47,965 [Worker-58: Building] WARN  o.apache.maven.project.MavenProject - Plugin is modifying testCompileSourceRoots through clear(), which will not work in Maven 4.0.0. Use MavenProject.addTestCompileSourceRoot()/removeTestCompileSourceRoot() methods instead. If using a plugin, please upgrade to the latest version or report the issue to the plugin maintainer. To disable these warnings, set -Dmaven.project.sourceRoots.warningsDisabled=true on the command line, in the .mvn/maven.config file, or in project POM properties.
2026-09-23 08:52:47,965 [Worker-58: Building] WARN  o.apache.maven.project.MavenProject - Plugin is modifying testCompileSourceRoots through add(), which will not work in Maven 4.0.0. Use MavenProject.addTestCompileSourceRoot()/removeTestCompileSourceRoot() methods instead. If using a plugin, please upgrade to the latest version or report the issue to the plugin maintainer. To disable these warnings, set -Dmaven.project.sourceRoots.warningsDisabled=true on the command line, in the .mvn/maven.config file, or in project POM properties.
2026-09-23 08:53:07,581 [Worker-59: Building] INFO  o.a.m.s.f.DefaultMavenResourcesFiltering - skip non existing resourceDirectory /home/yogesh/eclipse-workspace/MyWebapp/src/main/resources
2026-09-23 08:53:07,583 [Worker-59: Building] INFO  o.a.m.s.f.DefaultMavenResourcesFiltering - skip non existing resourceDirectory /home/yogesh/eclipse-workspace/MyWebapp/src/test/resources
2026-09-23 08:53:07,583 [Worker-59: Building] WARN  o.apache.maven.project.MavenProject - Plugin is modifying compileSourceRoots through clear(), which will not work in Maven 4.0.0. Use MavenProject.addCompileSourceRoot()/removeCompileSourceRoot() methods instead. If using a plugin, please upgrade to the latest version or report the issue to the plugin maintainer. To disable these warnings, set -Dmaven.project.sourceRoots.warningsDisabled=true on the command line, in the .mvn/maven.config file, or in project POM properties.
2026-09-23 08:53:07,584 [Worker-59: Building] WARN  o.apache.maven.project.MavenProject - Plugin is modifying compileSourceRoots through add(), which will not work in Maven 4.0.0. Use MavenProject.addCompileSourceRoot()/removeCompileSourceRoot() methods instead. If using a plugin, please upgrade to the latest version or report the issue to the plugin maintainer. To disable these warnings, set -Dmaven.project.sourceRoots.warningsDisabled=true on the command line, in the .mvn/maven.config file, or in project POM properties.
2026-09-23 08:53:07,584 [Worker-59: Building] WARN  o.apache.maven.project.MavenProject - Plugin is modifying testCompileSourceRoots through clear(), which will not work in Maven 4.0.0. Use MavenProject.addTestCompileSourceRoot()/removeTestCompileSourceRoot() methods instead. If using a plugin, please upgrade to the latest version or report the issue to the plugin maintainer. To disable these warnings, set -Dmaven.project.sourceRoots.warningsDisabled=true on the command line, in the .mvn/maven.config file, or in project POM properties.
2026-09-23 08:53:07,584 [Worker-59: Building] WARN  o.apache.maven.project.MavenProject - Plugin is modifying testCompileSourceRoots through add(), which will not work in Maven 4.0.0. Use MavenProject.addTestCompileSourceRoot()/removeTestCompileSourceRoot() methods instead. If using a plugin, please upgrade to the latest version or report the issue to the plugin maintainer. To disable these warnings, set -Dmaven.project.sourceRoots.warningsDisabled=true on the command line, in the .mvn/maven.config file, or in project POM properties.
2026-09-23 08:53:48,805 [Worker-60: Building] INFO  o.e.m.c.i.l.LifecycleMappingFactory - Using org.maven.ide.eclipse.wtp.WarLifecycleMapping lifecycle mapping for MavenProject: com.example:MyWebapp:0.0.1-SNAPSHOT @ /home/yogesh/git/dev/MyWebapp/pom.xml.
2026-09-23 08:53:49,394 [Worker-60: Building] INFO  o.a.m.s.f.DefaultMavenResourcesFiltering - Copying 0 resource from src/main/resources to target/classes
2026-09-23 08:53:49,400 [Worker-60: Building] INFO  o.a.m.s.f.DefaultMavenResourcesFiltering - Copying 0 resource from src/test/resources to target/test-classes
2026-09-23 08:53:49,400 [Worker-60: Building] INFO  o.e.m.w.i.f.ResourceFilteringBuildParticipant - Changed resources require a complete clean of filtered resources of MyWebapp
2026-09-23 08:53:49,400 [Worker-60: Building] INFO  o.e.m.w.i.f.ResourceFilteringBuildParticipant - Executing resource filtering for MyWebapp
2026-09-23 08:53:49,406 [Worker-60: Building] WARN  o.apache.maven.project.MavenProject - Plugin is modifying compileSourceRoots through clear(), which will not work in Maven 4.0.0. Use MavenProject.addCompileSourceRoot()/removeCompileSourceRoot() methods instead. If using a plugin, please upgrade to the latest version or report the issue to the plugin maintainer. To disable these warnings, set -Dmaven.project.sourceRoots.warningsDisabled=true on the command line, in the .mvn/maven.config file, or in project POM properties.
2026-09-23 08:53:49,407 [Worker-60: Building] WARN  o.apache.maven.project.MavenProject - Plugin is modifying compileSourceRoots through add(), which will not work in Maven 4.0.0. Use MavenProject.addCompileSourceRoot()/removeCompileSourceRoot() methods instead. If using a plugin, please upgrade to the latest version or report the issue to the plugin maintainer. To disable these warnings, set -Dmaven.project.sourceRoots.warningsDisabled=true on the command line, in the .mvn/maven.config file, or in project POM properties.
2026-09-23 08:53:49,408 [Worker-60: Building] WARN  o.apache.maven.project.MavenProject - Plugin is modifying testCompileSourceRoots through clear(), which will not work in Maven 4.0.0. Use MavenProject.addTestCompileSourceRoot()/removeTestCompileSourceRoot() methods instead. If using a plugin, please upgrade to the latest version or report the issue to the plugin maintainer. To disable these warnings, set -Dmaven.project.sourceRoots.warningsDisabled=true on the command line, in the .mvn/maven.config file, or in project POM properties.
2026-09-23 08:53:49,408 [Worker-60: Building] WARN  o.apache.maven.project.MavenProject - Plugin is modifying testCompileSourceRoots through add(), which will not work in Maven 4.0.0. Use MavenProject.addTestCompileSourceRoot()/removeTestCompileSourceRoot() methods instead. If using a plugin, please upgrade to the latest version or report the issue to the plugin maintainer. To disable these warnings, set -Dmaven.project.sourceRoots.warningsDisabled=true on the command line, in the .mvn/maven.config file, or in project POM properties.
